Product: MDK-ARM Lite 5.10
Component: ARM Compiler 5.04 update 1 (build 49)
Tool: armlink [5040049]

==============================================================================

Section Cross References

    hsmtemplatemain.o(i.main) refers to _printf_percent.o(.ARM.Collect$$_printf_percent$$00000000) for _printf_percent
    hsmtemplatemain.o(i.main) refers to _printf_s.o(.ARM.Collect$$_printf_percent$$00000014) for _printf_s
    hsmtemplatemain.o(i.main) refers to _printf_str.o(.text) for _printf_str
    hsmtemplatemain.o(i.main) refers to sysctl.o(i.SysCtlClockSet) for SysCtlClockSet
    hsmtemplatemain.o(i.main) refers to termio.o(i.TERMIO_Init) for TERMIO_Init
    hsmtemplatemain.o(i.main) refers to puts.o(.text) for puts
    hsmtemplatemain.o(i.main) refers to noretval__2printf.o(.text) for __2printf
    hsmtemplatemain.o(i.main) refers to es_framework.o(i.ES_Initialize) for ES_Initialize
    hsmtemplatemain.o(i.main) refers to es_framework.o(i.ES_Run) for ES_Run
    eventcheckers.o(i.Check4Keystroke) refers to termio.o(i.kbhit) for kbhit
    eventcheckers.o(i.Check4Keystroke) refers to getc.o(.text) for getc
    eventcheckers.o(i.Check4Keystroke) refers to noretval__2printf.o(.text) for __2printf
    eventcheckers.o(i.Check4Keystroke) refers to strategysm.o(i.PostStrategySM) for PostStrategySM
    eventcheckers.o(i.Check4Keystroke) refers to retarget.o(.data) for __stdin
    eventcheckers.o(i.Check4Keystroke) refers to eventcheckers.o(.constdata) for .constdata
    eventcheckers.o(i.Check4Keystroke) refers to eventcheckers.o(.data) for .data
    eventcheckers.o(i.CheckTapeStatus) refers to admulti.o(i.ADC_MultiRead) for ADC_MultiRead
    eventcheckers.o(i.CheckTapeStatus) refers to strategysm.o(i.PostStrategySM) for PostStrategySM
    eventcheckers.o(i.CheckTapeStatus) refers to eventcheckers.o(.data) for .data
    eventcheckers.o(i.setCheckTapeFound) refers to eventcheckers.o(.data) for .data
    mapkeys.o(i.InitMapKeys) refers to mapkeys.o(.data) for .data
    mapkeys.o(i.PostMapKeys) refers to es_framework.o(i.ES_PostToService) for ES_PostToService
    mapkeys.o(i.PostMapKeys) refers to mapkeys.o(.data) for .data
    mapkeys.o(i.RunMapKeys) refers to toupper.o(.text) for toupper
    comservicesm.o(i.InitComServiceSM) refers to comservicesm.o(i.StartComServiceSM) for StartComServiceSM
    comservicesm.o(i.InitComServiceSM) refers to comservicesm.o(.data) for .data
    comservicesm.o(i.PostComServiceSM) refers to es_framework.o(i.ES_PostToService) for ES_PostToService
    comservicesm.o(i.PostComServiceSM) refers to comservicesm.o(.data) for .data
    comservicesm.o(i.RunComServiceSM) refers to es_timers.o(i.ES_Timer_InitTimer) for ES_Timer_InitTimer
    comservicesm.o(i.RunComServiceSM) refers to updatesm.o(i.PostUpdateSM) for PostUpdateSM
    comservicesm.o(i.RunComServiceSM) refers to comservicesm.o(i.updateOurKartStatus) for updateOurKartStatus
    comservicesm.o(i.RunComServiceSM) refers to comservicesm.o(i.posDataUpdate) for posDataUpdate
    comservicesm.o(i.RunComServiceSM) refers to comservicesm.o(i.PostComServiceSM) for PostComServiceSM
    comservicesm.o(i.RunComServiceSM) refers to comservicesm.o(.data) for .data
    comservicesm.o(i.RunComServiceSM) refers to comservicesm.o(.constdata) for .constdata
    comservicesm.o(i.RunComServiceSM) refers to comservicesm.o(.bss) for .bss
    comservicesm.o(i.StartComServiceSM) refers to _printf_percent.o(.ARM.Collect$$_printf_percent$$00000000) for _printf_percent
    comservicesm.o(i.StartComServiceSM) refers to _printf_u.o(.ARM.Collect$$_printf_percent$$0000000A) for _printf_u
    comservicesm.o(i.StartComServiceSM) refers to _printf_dec.o(.text) for _printf_int_dec
    comservicesm.o(i.StartComServiceSM) refers to comservicesm.o(i.initializeKartStatus) for initializeKartStatus
    comservicesm.o(i.StartComServiceSM) refers to noretval__2printf.o(.text) for __2printf
    comservicesm.o(i.StartComServiceSM) refers to comservicesm.o(i.RunComServiceSM) for RunComServiceSM
    comservicesm.o(i.StartComServiceSM) refers to comservicesm.o(.data) for .data
    comservicesm.o(i.StartComServiceSM) refers to comservicesm.o(.bss) for .bss
    comservicesm.o(i.determineZone) refers to strategysm.o(i.PostStrategySM) for PostStrategySM
    comservicesm.o(i.determineZone) refers to comservicesm.o(.data) for .data
    comservicesm.o(i.determineZone) refers to comservicesm.o(.bss) for .bss
    comservicesm.o(i.getKartAZone) refers to comservicesm.o(.bss) for .bss
    comservicesm.o(i.getKartBZone) refers to comservicesm.o(.bss) for .bss
    comservicesm.o(i.getOurKartAbsoluteOrientation) refers to comservicesm.o(.bss) for .bss
    comservicesm.o(i.getOurKartX) refers to comservicesm.o(.bss) for .bss
    comservicesm.o(i.getOurKartY) refers to comservicesm.o(.bss) for .bss
    comservicesm.o(i.getOurZone) refers to comservicesm.o(.bss) for .bss
[...]
    i.maskRightEncoder                       0x00003c24   Section        0  encoderright.o(i.maskRightEncoder)
    i.maskSpeedControlInterrupt              0x00003c40   Section        0  speedcontrol.o(i.maskSpeedControlInterrupt)
    i.maskUltrasoundInterrupt                0x00003c5c   Section        0  ultrasoundsense.o(i.maskUltrasoundInterrupt)
    i.openGateBack                           0x00003c78   Section        0  pwmdemo.o(i.openGateBack)
    i.openGateFront                          0x00003c80   Section        0  pwmdemo.o(i.openGateFront)
    i.posDataUpdate                          0x00003c8c   Section        0  comservicesm.o(i.posDataUpdate)
    posDataUpdate                            0x00003c8d   Thumb Code   144  comservicesm.o(i.posDataUpdate)
    i.sendData                               0x00003d20   Section        0  spi.o(i.sendData)
    i.setCheckTapeFound                      0x00003d34   Section        0  eventcheckers.o(i.setCheckTapeFound)
    i.setComeListenToPostFive                0x00003d40   Section        0  comservicesm.o(i.setComeListenToPostFive)
    i.setControlDirection                    0x00003d4c   Section        0  speedcontrol.o(i.setControlDirection)
    i.setListenToCrossOverPoint              0x00003d58   Section        0  comservicesm.o(i.setListenToCrossOverPoint)
    i.setMiddleOfObstacle                    0x00003d64   Section        0  comservicesm.o(i.setMiddleOfObstacle)
    i.setNominalTapeFollowDuty               0x00003d70   Section        0  followtape.o(i.setNominalTapeFollowDuty)
    i.setPositionBack                        0x00003d7c   Section        0  pwmdemo.o(i.setPositionBack)
    setPositionBack                          0x00003d7d   Thumb Code   104  pwmdemo.o(i.setPositionBack)
    i.setPositionFront                       0x00003df0   Section        0  pwmdemo.o(i.setPositionFront)
    setPositionFront                         0x00003df1   Thumb Code   104  pwmdemo.o(i.setPositionFront)
    i.setSpeedSetpoint                       0x00003e64   Section        0  speedcontrol.o(i.setSpeedSetpoint)
    i.setTargetOrientation                   0x00003e70   Section        0  turnfsm.o(i.setTargetOrientation)
    i.setZonesForAlign                       0x00003ea8   Section        0  comservicesm.o(i.setZonesForAlign)
    i.speedControlResponse                   0x00003f7c   Section        0  speedcontrol.o(i.speedControlResponse)
    i.startPosControlLeft                    0x00004090   Section        0  encoderleft.o(i.startPosControlLeft)
    i.transmitEndResponse                    0x000040ac   Section        0  spi.o(i.transmitEndResponse)
    i.ultrasoundSenseResponse                0x000040d8   Section        0  ultrasoundsense.o(i.ultrasoundSenseResponse)
    i.updateGameStatus                       0x00004108   Section        0  strategysm.o(i.updateGameStatus)
    updateGameStatus                         0x00004109   Thumb Code    44  strategysm.o(i.updateGameStatus)
    i.updateOurKartStatus                    0x00004184   Section        0  comservicesm.o(i.updateOurKartStatus)
    updateOurKartStatus                      0x00004185   Thumb Code   184  comservicesm.o(i.updateOurKartStatus)
    locale$$code                             0x00004248   Section       44  lc_ctype_c.o(locale$$code)
    x$fpl$d2f                                0x00004274   Section       98  d2f.o(x$fpl$d2f)
    $v0                                      0x00004274   Number         0  d2f.o(x$fpl$d2f)
    x$fpl$dadd                               0x000042d8   Section      336  daddsub_clz.o(x$fpl$dadd)
    $v0                                      0x000042d8   Number         0  daddsub_clz.o(x$fpl$dadd)
    _dadd1                                   0x000042e9   Thumb Code     0  daddsub_clz.o(x$fpl$dadd)
    x$fpl$dflt                               0x00004428   Section       46  dflt_clz.o(x$fpl$dflt)
    $v0                                      0x00004428   Number         0  dflt_clz.o(x$fpl$dflt)
    x$fpl$dmul                               0x00004458   Section      340  dmul.o(x$fpl$dmul)
    $v0                                      0x00004458   Number         0  dmul.o(x$fpl$dmul)
    x$fpl$dnaninf                            0x000045ac   Section      156  dnaninf.o(x$fpl$dnaninf)
    $v0                                      0x000045ac   Number         0  dnaninf.o(x$fpl$dnaninf)
    x$fpl$dretinf                            0x00004648   Section       12  dretinf.o(x$fpl$dretinf)
    $v0                                      0x00004648   Number         0  dretinf.o(x$fpl$dretinf)
    x$fpl$dsub                               0x00004654   Section      468  daddsub_clz.o(x$fpl$dsub)
    $v0                                      0x00004654   Number         0  daddsub_clz.o(x$fpl$dsub)
    _dsub1                                   0x00004665   Thumb Code     0  daddsub_clz.o(x$fpl$dsub)
    x$fpl$ffltll                             0x00004828   Section       96  ffltll_clz.o(x$fpl$ffltll)
    $v0                                      0x00004828   Number         0  ffltll_clz.o(x$fpl$ffltll)
    x$fpl$fpinit                             0x00004888   Section       10  fpinit.o(x$fpl$fpinit)
    $v0                                      0x00004888   Number         0  fpinit.o(x$fpl$fpinit)
    x$fpl$fretinf                            0x00004892   Section       10  fretinf.o(x$fpl$fretinf)
    $v0                                      0x00004892   Number         0  fretinf.o(x$fpl$fretinf)
    .constdata                               0x0000489c   Section       64  eventcheckers.o(.constdata)
    x$fpl$usenofp                            0x0000489c   Section        0  usenofp.o(x$fpl$usenofp)
    .constdata                               0x000048dc   Section        4  comservicesm.o(.constdata)
    .constdata                               0x000048e0   Section        4  sendbytesm.o(.constdata)
    .constdata                               0x000048e4   Section        4  sendcommandsm.o(.constdata)
    .constdata                               0x000048e8   Section        4  updatesm.o(.constdata)
    .constdata                               0x000048ec   Section       48  admulti.o(.constdata)
    HowMany2Mask                             0x000048ec   Data          16  admulti.o(.constdata)
    HowMany2Mux                              0x000048fc   Data          16  admulti.o(.constdata)
    HowMany2CTL                              0x0000490c   Data          16  admulti.o(.constdata)
    .constdata                               0x0000491c   Section        4  strategysm.o(.constdata)
    .constdata                               0x00004920   Section        8  zoneonesm.o(.constdata)
    .constdata                               0x00004928   Section       12  zonetwosm.o(.constdata)
    .constdata                               0x00004934   Section        8  zonethreesm.o(.constdata)
    .constdata                               0x0000493c   Section       12  zonefoursm.o(.constdata)
    .constdata                               0x00004948   Section        4  zonefivesm.o(.constdata)
    .constdata                               0x0000494c   Section        8  es_checkevents.o(.constdata)
    ES_EventList                             0x0000494c   Data           8  es_checkevents.o(.constdata)
    .constdata                               0x00004954   Section       80  es_framework.o(.constdata)
    ServDescList                             0x00004954   Data          40  es_framework.o(.constdata)
    EventQueues                              0x0000497c   Data          40  es_framework.o(.constdata)
    .constdata                               0x000049a4   Section       32  es_lookuptables.o(.constdata)
    .constdata                               0x000049c4   Section       15  es_lookuptables.o(.constdata)
    .constdata                               0x000049d4   Section       64  es_timers.o(.constdata)
    Timer2PostFunc                           0x000049d4   Data          64  es_timers.o(.constdata)
    .constdata                               0x00004a14   Section       28  uartstdio.o(.constdata)
    g_pcHex                                  0x00004a14   Data           4  uartstdio.o(.constdata)
    g_ui32UARTBase                           0x00004a18   Data          12  uartstdio.o(.constdata)
    g_ui32UARTPeriph                         0x00004a24   Data          12  uartstdio.o(.constdata)
    .constdata                               0x00004a30   Section      528  gpio.o(.constdata)
    g_ppui32GPIOIntMapBlizzard               0x00004a30   Data         192  gpio.o(.constdata)
    g_ppui32GPIOIntMapSnowflake              0x00004af0   Data         192  gpio.o(.constdata)
    g_pui32GPIOBaseAddrs                     0x00004bb0   Data         144  gpio.o(.constdata)
    .conststring                             0x00004c40   Section       17  uartstdio.o(.conststring)
    locale$$data                             0x00004c74   Section      272  lc_ctype_c.o(locale$$data)
    __lcctype_c_name                         0x00004c78   Data           2  lc_ctype_c.o(locale$$data)
    __lcctype_c_start                        0x00004c80   Data           0  lc_ctype_c.o(locale$$data)
    __lcctype_c_end                          0x00004d84   Data           0  lc_ctype_c.o(locale$$data)
    .data                                    0x20000000   Section       16  eventcheckers.o(.data)
    checkTapeFound                           0x20000000   Data           1  eventcheckers.o(.data)
    targetStatus                             0x20000001   Data           1  eventcheckers.o(.data)
    obstacleStatus                           0x20000002   Data           1  eventcheckers.o(.data)
    numLaps                                  0x20000004   Data           4  eventcheckers.o(.data)
    results                                  0x20000008   Data           8  eventcheckers.o(.data)
    .data                                    0x20000010   Section        1  mapkeys.o(.data)
    MyPriority                               0x20000010   Data           1  mapkeys.o(.data)
    .data                                    0x20000014   Section       44  comservicesm.o(.data)
    listenToMostlyCrossed                    0x20000014   Data           1  comservicesm.o(.data)
    listenToCenterOfObstacle                 0x20000015   Data           1  comservicesm.o(.data)
    listenToPostObstacleZoneOne              0x20000016   Data           1  comservicesm.o(.data)
    RunStatus                                0x20000017   Data           1  comservicesm.o(.data)
    CurrentState                             0x20000018   Data           1  comservicesm.o(.data)
    MyPriority                               0x20000019   Data           1  comservicesm.o(.data)
    zone_three_x_max                         0x2000001a   Data           2  comservicesm.o(.data)
    zone_three_x_min                         0x2000001c   Data           2  comservicesm.o(.data)
    zone_three_y_max                         0x2000001e   Data           2  comservicesm.o(.data)
    zone_three_y_min                         0x20000020   Data           2  comservicesm.o(.data)
    zone_two_x_max                           0x20000022   Data           2  comservicesm.o(.data)
    zone_two_y_min                           0x20000024   Data           2  comservicesm.o(.data)
    zone_two_y_max                           0x20000026   Data           2  comservicesm.o(.data)
    zone_four_x_max                          0x20000028   Data           2  comservicesm.o(.data)
    zone_four_x_min                          0x2000002a   Data           2  comservicesm.o(.data)
    zone_four_y_min                          0x2000002c   Data           2  comservicesm.o(.data)
    zone_five_y_min                          0x2000002e   Data           2  comservicesm.o(.data)
    zone_five_y_max                          0x20000030   Data           2  comservicesm.o(.data)
    zone_five_x_min                          0x20000032   Data           2  comservicesm.o(.data)
    kart_one                                 0x20000034   Data           4  comservicesm.o(.data)
    kart_two                                 0x20000038   Data           4  comservicesm.o(.data)
    kart_three                               0x2000003c   Data           4  comservicesm.o(.data)
    .data                                    0x20000040   Section        3  sendbytesm.o(.data)
    comIndex                                 0x20000040   Data           1  sendbytesm.o(.data)
    byteIndex                                0x20000041   Data           1  sendbytesm.o(.data)
    CurrentState                             0x20000042   Data           1  sendbytesm.o(.data)
    .data                                    0x20000043   Section        2  sendcommandsm.o(.data)
    CurrentState                             0x20000043   Data           1  sendcommandsm.o(.data)
    currentCmd                               0x20000044   Data           1  sendcommandsm.o(.data)
    .data                                    0x20000046   Section        4  spi.o(.data)
    receiveData                              0x20000046   Data           1  spi.o(.data)
    count                                    0x20000048   Data           2  spi.o(.data)
    .data                                    0x2000004a   Section        2  updatesm.o(.data)
    CurrentState                             0x2000004a   Data           1  updatesm.o(.data)
    MyPriority                               0x2000004b   Data           1  updatesm.o(.data)
    .data                                    0x2000004c   Section       24  followtape.o(.data)
    nom_motor_A                              0x2000004c   Data           2  followtape.o(.data)
    nom_motor_B                              0x2000004e   Data           2  followtape.o(.data)
    oldError                                 0x20000050   Data           4  followtape.o(.data)
    tapeSensor1                              0x20000054   Data           4  followtape.o(.data)
    tapeSensor2                              0x20000058   Data           4  followtape.o(.data)
    results                                  0x2000005c   Data           8  followtape.o(.data)
    .data                                    0x20000064   Section        1  admulti.o(.data)
    NumChannelsConverting                    0x20000064   Data           1  admulti.o(.data)
    .data                                    0x20000068   Section       12  strategysm.o(.data)
    PauseHasHappened                         0x20000068   Data           1  strategysm.o(.data)
    shootingComplete                         0x20000069   Data           1  strategysm.o(.data)
    obstacleComplete                         0x2000006a   Data           1  strategysm.o(.data)
    CurrentState                             0x2000006b   Data           1  strategysm.o(.data)
    LastState                                0x2000006c   Data           1  strategysm.o(.data)
    MyPriority                               0x2000006d   Data           1  strategysm.o(.data)
    lapsRemaining                            0x20000070   Data           4  strategysm.o(.data)
    .data                                    0x20000074   Section        1  zoneonesm.o(.data)
    CurrentState                             0x20000074   Data           1  zoneonesm.o(.data)
    .data                                    0x20000078   Section        8  zonetwosm.o(.data)
    CurrentState                             0x20000078   Data           1  zonetwosm.o(.data)
    lastLapCount                             0x2000007c   Data           4  zonetwosm.o(.data)
    .data                                    0x20000080   Section       12  zonethreesm.o(.data)
    CurrentState                             0x20000080   Data           1  zonethreesm.o(.data)
    lastLapsRemaining                        0x20000084   Data           4  zonethreesm.o(.data)
    currentLapsRemaining                     0x20000088   Data           4  zonethreesm.o(.data)
    .data                                    0x2000008c   Section        1  zonefoursm.o(.data)
    CurrentState                             0x2000008c   Data           1  zonefoursm.o(.data)
    .data                                    0x2000008d   Section        1  zonefivesm.o(.data)
    CurrentState                             0x2000008d   Data           1  zonefivesm.o(.data)
    .data                                    0x20000090   Section       20  encoderleft.o(.data)
    positionControlStatus                    0x20000090   Data           1  encoderleft.o(.data)
    postEvent                                0x20000091   Data           1  encoderleft.o(.data)
    count                                    0x20000094   Data           4  encoderleft.o(.data)
    desiredEdgeCount                         0x20000098   Data           4  encoderleft.o(.data)
    period                                   0x2000009c   Data           4  encoderleft.o(.data)
    lastCapture                              0x200000a0   Data           4  encoderleft.o(.data)
    .data                                    0x200000a4   Section       20  encoderright.o(.data)
    positionControlStatus                    0x200000a4   Data           1  encoderright.o(.data)
    postEvent                                0x200000a5   Data           1  encoderright.o(.data)
    count                                    0x200000a8   Data           4  encoderright.o(.data)
    desiredEdgeCount                         0x200000ac   Data           4  encoderright.o(.data)
    period                                   0x200000b0   Data           4  encoderright.o(.data)
    lastCapture                              0x200000b4   Data           4  encoderright.o(.data)
    .data                                    0x200000b8   Section       12  speedcontrol.o(.data)
    speedSetpoint                            0x200000b8   Data           1  speedcontrol.o(.data)
    reverseDirection                         0x200000b9   Data           1  speedcontrol.o(.data)
    leftIntSum                               0x200000bc   Data           4  speedcontrol.o(.data)
    rightIntSum                              0x200000c0   Data           4  speedcontrol.o(.data)
    .data                                    0x200000c4   Section       16  beaconsense.o(.data)
    lastCapture                              0x200000c4   Data           4  beaconsense.o(.data)
    targetPeriodMinus                        0x200000c8   Data           4  beaconsense.o(.data)
    targetPeriodPlus                         0x200000cc   Data           4  beaconsense.o(.data)
    period                                   0x200000d0   Data           4  beaconsense.o(.data)
    .data                                    0x200000d4   Section       16  ultrasoundsense.o(.data)
    lastCapture                              0x200000d4   Data           4  ultrasoundsense.o(.data)
    targetPeriodMinus                        0x200000d8   Data           4  ultrasoundsense.o(.data)
    targetPeriodPlus                         0x200000dc   Data           4  ultrasoundsense.o(.data)
    period                                   0x200000e0   Data           4  ultrasoundsense.o(.data)
    .data                                    0x200000e4   Section       36  turnfsm.o(.data)
    CurrentState                             0x200000e4   Data           1  turnfsm.o(.data)
    MyPriority                               0x200000e5   Data           1  turnfsm.o(.data)
    currentOrientation                       0x200000e6   Data           2  turnfsm.o(.data)
    targetOrientation                        0x200000e8   Data           2  turnfsm.o(.data)
    sampleCount                              0x200000ec   Data           4  turnfsm.o(.data)
    error                                    0x200000f0   Data           4  turnfsm.o(.data)
    turnCount                                0x200000f4   Data           4  turnfsm.o(.data)
    upperThreshold2                          0x200000f8   Data           4  turnfsm.o(.data)
    upperThreshold1                          0x200000fc   Data           4  turnfsm.o(.data)
    lowerThreshold1                          0x20000100   Data           4  turnfsm.o(.data)
    lowerThreshold2                          0x20000104   Data           4  turnfsm.o(.data)
    .data                                    0x20000108   Section        6  es_framework.o(.data)
    ThisEvent                                0x2000010a   Data           4  es_framework.o(.data)
    .data                                    0x2000010e   Section        4  es_port.o(.data)
    TickCount                                0x2000010e   Data           1  es_port.o(.data)
    SysTickCounter                           0x20000110   Data           2  es_port.o(.data)
    .data                                    0x20000114   Section        4  es_queue.o(.data)
    .data                                    0x20000118   Section       10  es_timers.o(.data)
    NextTimer2Process                        0x20000118   Data           1  es_timers.o(.data)
    NeedsProcessing                          0x2000011a   Data           2  es_timers.o(.data)
    TMR_ActiveFlags                          0x2000011c   Data           2  es_timers.o(.data)
    NewEvent                                 0x2000011e   Data           4  es_timers.o(.data)
    .data                                    0x20000124   Section        4  retarget.o(.data)
    .data                                    0x20000128   Section        4  retarget.o(.data)
    .data                                    0x2000012c   Section        8  uartstdio.o(.data)
    bLastWasCR                               0x2000012c   Data           1  uartstdio.o(.data)
    g_ui32Base                               0x20000130   Data           4  uartstdio.o(.data)
    .bss                                     0x20000134   Section       42  comservicesm.o(.bss)
    our_kart                                 0x20000134   Data          14  comservicesm.o(.bss)
    kart_a                                   0x20000142   Data          14  comservicesm.o(.bss)
    kart_b                                   0x20000150   Data          14  comservicesm.o(.bss)
    .bss                                     0x2000015e   Section       32  sendbytesm.o(.bss)
    receiveData                              0x2000015e   Data          32  sendbytesm.o(.bss)
    .bss                                     0x2000017e   Section       12  es_framework.o(.bss)
    Queue0                                   0x2000017e   Data          12  es_framework.o(.bss)
    .bss                                     0x2000018a   Section       16  es_framework.o(.bss)
    Queue1                                   0x2000018a   Data          16  es_framework.o(.bss)
    .bss                                     0x2000019a   Section       16  es_framework.o(.bss)
    Queue2                                   0x2000019a   Data          16  es_framework.o(.bss)
    .bss                                     0x200001aa   Section       16  es_framework.o(.bss)
    Queue3                                   0x200001aa   Data          16  es_framework.o(.bss)
    .bss                                     0x200001ba   Section       16  es_framework.o(.bss)
    Queue4                                   0x200001ba   Data          16  es_framework.o(.bss)
    .bss                                     0x200001ca   Section       32  es_timers.o(.bss)
    TMR_TimerArray                           0x200001ca   Data          32  es_timers.o(.bss)
    .bss                                     0x200001ec   Section       96  libspace.o(.bss)
    HEAP                                     0x20000250   Section        0  startup_rvmdk.o(HEAP)
    STACK                                    0x20000250   Section     2048  startup_rvmdk.o(STACK)
    HeapMem                                  0x20000250   Data           0  startup_rvmdk.o(HEAP)
    StackMem                                 0x20000250   Data           0  startup_rvmdk.o(STACK)

    Global Symbols

    Symbol Name                              Value     Ov Type        Size  Object(Section)

    BuildAttributes$$THM_ISAv4$E$P$D$K$B$S$7EM$VFPi3$EXTD16$VFPS$VFMA$PE$A:L22UL41UL21$X:L11$S22US41US21$IEEE1$IW$USESV6$~STKCKD$USESV7$~SHL$OTIME$ROPI$EBA8$UX$STANDARDLIB$REQ8$PRES8$EABIv2 0x00000000   Number         0  anon$$obj.o ABSOLUTE
    __ARM_use_no_argv                        0x00000000   Number         0  hsmtemplatemain.o ABSOLUTE
    __Vectors                                0x00000000   Data           0  startup_rvmdk.o(RESET)
    __ARM_exceptions_init                     - Undefined Weak Reference
    __alloca_initialize                       - Undefined Weak Reference
    __cpp_initialize__aeabi_                  - Undefined Weak Reference
    __cxa_finalize                            - Undefined Weak Reference
    __sigvec_lookup                           - Undefined Weak Reference
    _atexit_init                              - Undefined Weak Reference
    _call_atexit_fns                          - Undefined Weak Reference
    _clock_init                               - Undefined Weak Reference
    _fp_trap_init                             - Undefined Weak Reference
    _fp_trap_shutdown                         - Undefined Weak Reference
    _get_lc_collate                           - Undefined Weak Reference
    _get_lc_monetary                          - Undefined Weak Reference
    _get_lc_numeric                           - Undefined Weak Reference
    _get_lc_time                              - Undefined Weak Reference
    _getenv_init                              - Undefined Weak Reference
    _handle_redirection                       - Undefined Weak Reference
    _init_alloc                               - Undefined Weak Reference
    _init_user_alloc                          - Undefined Weak Reference
    _initio                                   - Undefined Weak Reference
    _printf_mbtowc                            - Undefined Weak Reference
    _printf_post_padding                      - Undefined Weak Reference
    _printf_pre_padding                       - Undefined Weak Reference
    _printf_truncate_signed                   - Undefined Weak Reference
    _printf_truncate_unsigned                 - Undefined Weak Reference
    _rand_init                                - Undefined Weak Reference
    _signal_finish                            - Undefined Weak Reference
    _signal_init                              - Undefined Weak Reference
    _terminate_alloc                          - Undefined Weak Reference
    _terminate_user_alloc                     - Undefined Weak Reference
    _terminateio                              - Undefined Weak Reference
    Reset_Handler                            0x0000026d   Thumb Code     0  startup_rvmdk.o(RESET)
    __main                                   0x00000289   Thumb Code     8  __main.o(!!!main)
    __scatterload                            0x00000291   Thumb Code     0  __scatter.o(!!!scatter)
    __scatterload_rt2                        0x00000291   Thumb Code    44  __scatter.o(!!!scatter)
    __scatterload_rt2_thumb_only             0x00000291   Thumb Code     0  __scatter.o(!!!scatter)
    __scatterload_null                       0x0000029f   Thumb Code     0  __scatter.o(!!!scatter)
    __decompress                             0x000002c5   Thumb Code    90  __dczerorl2.o(!!dczerorl2)
    __decompress1                            0x000002c5   Thumb Code     0  __dczerorl2.o(!!dczerorl2)
    __scatterload_zeroinit                   0x00000321   Thumb Code    28  __scatter_zi.o(!!handler_zi)
    _printf_i                                0x0000033d   Thumb Code     0  _printf_i.o(.ARM.Collect$$_printf_percent$$00000008)
    _printf_percent                          0x0000033d   Thumb Code     0  _printf_percent.o(.ARM.Collect$$_printf_percent$$00000000)
    _printf_u                                0x00000343   Thumb Code     0  _printf_u.o(.ARM.Collect$$_printf_percent$$0000000A)
    _printf_s                                0x00000349   Thumb Code     0  _printf_s.o(.ARM.Collect$$_printf_percent$$00000014)
    _printf_percent_end                      0x0000034f   Thumb Code     0  _printf_percent_end.o(.ARM.Collect$$_printf_percent$$00000017)
    __rt_lib_init                            0x00000353   Thumb Code     0  libinit.o(.ARM.Collect$$libinit$$00000000)
    __rt_lib_init_fp_1                       0x00000355   Thumb Code     0  libinit2.o(.ARM.Collect$$libinit$$00000001)
    __rt_lib_init_heap_1                     0x00000359   Thumb Code     0  libinit2.o(.ARM.Collect$$libinit$$00000008)
    __rt_lib_init_lc_common                  0x00000359   Thumb Code     0  libinit2.o(.ARM.Collect$$libinit$$0000000D)
    __rt_lib_init_rand_1                     0x00000359   Thumb Code     0  libinit2.o(.ARM.Collect$$libinit$$0000000C)
    __rt_lib_init_user_alloc_1               0x00000359   Thumb Code     0  libinit2.o(.ARM.Collect$$libinit$$0000000A)
    __rt_lib_init_lc_collate_1               0x0000035f   Thumb Code     0  libinit2.o(.ARM.Collect$$libinit$$0000000F)
    __rt_lib_init_lc_ctype_2                 0x0000035f   Thumb Code     0  libinit2.o(.ARM.Collect$$libinit$$00000010)
    __rt_lib_init_alloca_1                   0x0000036b   Thumb Code     0  libinit2.o(.ARM.Collect$$libinit$$0000002C)
    __rt_lib_init_argv_1                     0x0000036b   Thumb Code     0  libinit2.o(.ARM.Collect$$libinit$$0000002A)
    __rt_lib_init_atexit_1                   0x0000036b   Thumb Code     0  libinit2.o(.ARM.Collect$$libinit$$00000019)
    __rt_lib_init_clock_1                    0x0000036b   Thumb Code     0  libinit2.o(.ARM.Collect$$libinit$$0000001F)
    __rt_lib_init_cpp_1                      0x0000036b   Thumb Code     0  libinit2.o(.ARM.Collect$$libinit$$00000030)
    __rt_lib_init_exceptions_1               0x0000036b   Thumb Code     0  libinit2.o(.ARM.Collect$$libinit$$0000002E)
    __rt_lib_init_fp_trap_1                  0x0000036b   Thumb Code     0  libinit2.o(.ARM.Collect$$libinit$$0000001D)
    __rt_lib_init_getenv_1                   0x0000036b   Thumb Code     0  libinit2.o(.ARM.Collect$$libinit$$00000021)
    __rt_lib_init_lc_ctype_1                 0x0000036b   Thumb Code     0  libinit2.o(.ARM.Collect$$libinit$$00000011)
    __rt_lib_init_lc_monetary_1              0x0000036b   Thumb Code     0  libinit2.o(.ARM.Collect$$libinit$$00000013)
    __rt_lib_init_lc_numeric_1               0x0000036b   Thumb Code     0  libinit2.o(.ARM.Collect$$libinit$$00000015)
    __rt_lib_init_lc_time_1                  0x0000036b   Thumb Code     0  libinit2.o(.ARM.Collect$$libinit$$00000017)
    __rt_lib_init_return                     0x0000036b   Thumb Code     0  libinit2.o(.ARM.Collect$$libinit$$00000031)
    __rt_lib_init_signal_1                   0x0000036b   Thumb Code     0  libinit2.o(.ARM.Collect$$libinit$$0000001B)
    __rt_lib_init_stdio_1                    0x0000036b   Thumb Code     0  libinit2.o(.ARM.Collect$$libinit$$00000023)
    __rt_lib_shutdown                        0x0000036d   Thumb Code     0  libshutdown.o(.ARM.Collect$$libshutdown$$00000000)
    __rt_lib_shutdown_fp_trap_1              0x0000036f   Thumb Code     0  libshutdown2.o(.ARM.Collect$$libshutdown$$00000006)
    __rt_lib_shutdown_heap_1                 0x0000036f   Thumb Code     0  libshutdown2.o(.ARM.Collect$$libshutdown$$0000000E)
    __rt_lib_shutdown_return                 0x0000036f   Thumb Code     0  libshutdown2.o(.ARM.Collect$$libshutdown$$0000000F)
    __rt_lib_shutdown_signal_1               0x0000036f   Thumb Code     0  libshutdown2.o(.ARM.Collect$$libshutdown$$00000009)
    __rt_lib_shutdown_stdio_1                0x0000036f   Thumb Code     0  libshutdown2.o(.ARM.Collect$$libshutdown$$00000003)
    __rt_lib_shutdown_user_alloc_1           0x0000036f   Thumb Code     0  libshutdown2.o(.ARM.Collect$$libshutdown$$0000000B)
    __rt_entry                               0x00000371   Thumb Code     0  rtentry.o(.ARM.Collect$$rtentry$$00000000)
    __rt_entry_presh_1                       0x00000371   Thumb Code     0  rtentry2.o(.ARM.Collect$$rtentry$$00000002)
    __rt_entry_sh                            0x00000371   Thumb Code     0  rtentry4.o(.ARM.Collect$$rtentry$$00000004)
    __rt_entry_li                            0x00000377   Thumb Code     0  rtentry2.o(.ARM.Collect$$rtentry$$0000000A)
    __rt_entry_postsh_1                      0x00000377   Thumb Code     0  rtentry2.o(.ARM.Collect$$rtentry$$00000009)
    __rt_entry_main                          0x0000037b   Thumb Code     0  rtentry2.o(.ARM.Collect$$rtentry$$0000000D)
    __rt_entry_postli_1                      0x0000037b   Thumb Code     0  rtentry2.o(.ARM.Collect$$rtentry$$0000000C)
    __rt_exit                                0x00000383   Thumb Code     0  rtexit.o(.ARM.Collect$$rtexit$$00000000)
    __rt_exit_ls                             0x00000385   Thumb Code     0  rtexit2.o(.ARM.Collect$$rtexit$$00000003)
    __rt_exit_prels_1                        0x00000385   Thumb Code     0  rtexit2.o(.ARM.Collect$$rtexit$$00000002)
    __rt_exit_exit                           0x00000389   Thumb Code     0  rtexit2.o(.ARM.Collect$$rtexit$$00000004)
    SysCtlDelay                              0x00000391   Thumb Code     6  sysctl.o(.emb_text)
    CPUcpsid                                 0x00000399   Thumb Code     8  cpu.o(.emb_text)
    CPUprimask                               0x000003a1   Thumb Code     6  cpu.o(.emb_text)
    CPUcpsie                                 0x000003a7   Thumb Code     8  cpu.o(.emb_text)
    CPUwfi                                   0x000003af   Thumb Code     4  cpu.o(.emb_text)
    CPUbasepriSet                            0x000003b3   Thumb Code     6  cpu.o(.emb_text)
    CPUbasepriGet                            0x000003b9   Thumb Code     6  cpu.o(.emb_text)
    __user_initial_stackheap                 0x000003c1   Thumb Code     0  startup_rvmdk.o(.text)
    __I$use$semihosting                      0x000003d9   Thumb Code     0  use_no_semi.o(.text)
    __use_no_semihosting_swi                 0x000003d9   Thumb Code     2  use_no_semi.o(.text)
    __aeabi_ldivmod                          0x000003db   Thumb Code     0  llsdiv.o(.text)
    _ll_sdiv                                 0x000003db   Thumb Code    72  llsdiv.o(.text)
    toupper                                  0x00000423   Thumb Code    30  toupper.o(.text)
    __2printf                                0x00000441   Thumb Code    20  noretval__2printf.o(.text)
    __printf                                 0x00000459   Thumb Code   104  __printf.o(.text)
    _printf_str                              0x000004c1   Thumb Code    82  _printf_str.o(.text)
    _printf_int_dec                          0x00000515   Thumb Code   100  _printf_dec.o(.text)
    getc                                     0x00000589   Thumb Code     4  getc.o(.text)
    puts                                     0x0000058d   Thumb Code    40  puts.o(.text)
    __use_two_region_memory                  0x000005b9   Thumb Code     2  heapauxi.o(.text)
    __rt_heap_escrow$2region                 0x000005bb   Thumb Code     2  heapauxi.o(.text)
    __rt_heap_expand$2region                 0x000005bd   Thumb Code     2  heapauxi.o(.text)
    __rt_ctype_table                         0x000005c1   Thumb Code    16  rt_ctype_table.o(.text)
    __aeabi_uldivmod                         0x000005d1   Thumb Code     0  lludivv7m.o(.text)
    _ll_udiv                                 0x000005d1   Thumb Code   238  lludivv7m.o(.text)
    _printf_int_common                       0x000006bf   Thumb Code   178  _printf_intcommon.o(.text)
    _printf_cs_common                        0x00000771   Thumb Code    20  _printf_char.o(.text)
    _printf_char                             0x00000785   Thumb Code    16  _printf_char.o(.text)
    _printf_string                           0x00000795   Thumb Code     8  _printf_char.o(.text)
    _printf_char_file                        0x0000079d   Thumb Code    32  _printf_char_file.o(.text)
    __rt_locale                              0x000007c1   Thumb Code     8  rt_locale_intlibspace.o(.text)
    _printf_char_common                      0x000007d3   Thumb Code    32  _printf_char_common.o(.text)
    __user_libspace                          0x000007f9   Thumb Code     8  libspace.o(.text)
    __user_perproc_libspace                  0x000007f9   Thumb Code     0  libspace.o(.text)
    __user_perthread_libspace                0x000007f9   Thumb Code     0  libspace.o(.text)
    __user_setup_stackheap                   0x00000801   Thumb Code    74  sys_stackheap_outer.o(.text)
    exit                                     0x0000084b   Thumb Code    12  exit.o(.text)
    strcmp                                   0x00000859   Thumb Code   128  strcmpv7m.o(.text)
    ADC_MultiInit                            0x000008d9   Thumb Code   170  admulti.o(i.ADC_MultiInit)
    ADC_MultiRead                            0x000009a1   Thumb Code    46  admulti.o(i.ADC_MultiRead)
    ActivateBackGate                         0x000009d9   Thumb Code    12  shooter.o(i.ActivateBackGate)
    ActivateFrontGate                        0x000009e5   Thumb Code    12  shooter.o(i.ActivateFrontGate)
    AlignWithBeacon                          0x000009f1   Thumb Code    22  drive.o(i.AlignWithBeacon)
    BeaconSenseResponse                      0x00000a0d   Thumb Code    54  beaconsense.o(i.BeaconSenseResponse)
    CPUgetPRIMASK_cpsid                      0x00000a4d   Thumb Code     8  es_port.o(i.CPUgetPRIMASK_cpsid)
    CPUsetPRIMASK                            0x00000a55   Thumb Code     6  es_port.o(i.CPUsetPRIMASK)
    Check4Keystroke                          0x00000a5d   Thumb Code   306  eventcheckers.o(i.Check4Keystroke)
    CheckTapeStatus                          0x00000d61   Thumb Code    62  eventcheckers.o(i.CheckTapeStatus)
    DriveDistance                            0x00000da5   Thumb Code    50  drive.o(i.DriveDistance)
    DriveForward                             0x00000ddd   Thumb Code    20  drive.o(i.DriveForward)
    DriveReverse                             0x00000df1   Thumb Code    22  drive.o(i.DriveReverse)
    ES_CheckUserEvents                       0x00000e09   Thumb Code    34  es_checkevents.o(i.ES_CheckUserEvents)
    ES_DeQueue                               0x00000e31   Thumb Code    80  es_queue.o(i.ES_DeQueue)
    ES_EnQueueFIFO                           0x00000e85   Thumb Code    66  es_queue.o(i.ES_EnQueueFIFO)
    ES_GetMSBitSet                           0x00000ecd   Thumb Code    48  es_lookuptables.o(i.ES_GetMSBitSet)
    ES_InitQueue                             0x00000f01   Thumb Code    16  es_queue.o(i.ES_InitQueue)
    ES_Initialize                            0x00000f11   Thumb Code    72  es_framework.o(i.ES_Initialize)
    ES_PostToService                         0x00000f5d   Thumb Code    42  es_framework.o(i.ES_PostToService)
    ES_Run                                   0x00000f95   Thumb Code    84  es_framework.o(i.ES_Run)
    ES_Timer_Init                            0x00000ff5   Thumb Code     4  es_timers.o(i.ES_Timer_Init)
    ES_Timer_InitTimer                       0x00000ff9   Thumb Code    44  es_timers.o(i.ES_Timer_InitTimer)
    ES_Timer_Tick_Resp                       0x00001035   Thumb Code    90  es_timers.o(i.ES_Timer_Tick_Resp)
    FollowTape                               0x000010a1   Thumb Code    26  drive.o(i.FollowTape)
    FollowTapeResponse                       0x000010bd   Thumb Code   236  followtape.o(i.FollowTapeResponse)
    GPIODirModeSet                           0x000011c5   Thumb Code    40  gpio.o(i.GPIODirModeSet)
    GPIOPadConfigSet                         0x000011ed   Thumb Code   314  gpio.o(i.GPIOPadConfigSet)
    GPIOPinConfigure                         0x00001329   Thumb Code    64  gpio.o(i.GPIOPinConfigure)
    GPIOPinTypeUART                          0x00001371   Thumb Code    28  gpio.o(i.GPIOPinTypeUART)
    InitComServiceSM                         0x0000138d   Thumb Code    22  comservicesm.o(i.InitComServiceSM)
    InitDrive                                0x000013a9   Thumb Code    30  drive.o(i.InitDrive)
    InitFollowTape                           0x000013c9   Thumb Code   108  followtape.o(i.InitFollowTape)
    InitMapKeys                              0x00001445   Thumb Code     8  mapkeys.o(i.InitMapKeys)
    InitPWMDrive                             0x00001451   Thumb Code   202  pwmdemo.o(i.InitPWMDrive)
    InitPWMGates                             0x00001541   Thumb Code   206  pwmdemo.o(i.InitPWMGates)
    InitPWMShooter                           0x00001631   Thumb Code   154  pwmdemo.o(i.InitPWMShooter)
    InitShooter                              0x000016e9   Thumb Code    38  shooter.o(i.InitShooter)
    InitStrategySM                           0x00001715   Thumb Code    38  strategysm.o(i.InitStrategySM)
    InitTurningFSM                           0x00001741   Thumb Code    38  turnfsm.o(i.InitTurningFSM)
    InitUpdateSM                             0x0000178d   Thumb Code    26  updatesm.o(i.InitUpdateSM)
    IntMasterEnable                          0x000017ad   Thumb Code    14  interrupt.o(i.IntMasterEnable)
    ObstacleCompletionStatus                 0x000017bd   Thumb Code     6  strategysm.o(i.ObstacleCompletionStatus)
    PostComServiceSM                         0x000017c9   Thumb Code    10  comservicesm.o(i.PostComServiceSM)
    PostStrategySM                           0x000017d9   Thumb Code    10  strategysm.o(i.PostStrategySM)
    PostTurningFSM                           0x000017e9   Thumb Code    10  turnfsm.o(i.PostTurningFSM)
    PostUpdateSM                             0x000017f9   Thumb Code    10  updatesm.o(i.PostUpdateSM)
    RunComServiceSM                          0x00001809   Thumb Code   158  comservicesm.o(i.RunComServiceSM)
    RunMapKeys                               0x000018b5   Thumb Code    24  mapkeys.o(i.RunMapKeys)
    RunSendByteSM                            0x000018cd   Thumb Code   150  sendbytesm.o(i.RunSendByteSM)
    RunSendCommandSM                         0x00001971   Thumb Code   658  sendcommandsm.o(i.RunSendCommandSM)
    RunStrategySM                            0x00001c0d   Thumb Code   576  strategysm.o(i.RunStrategySM)
    RunTurningFSM                            0x00001efd   Thumb Code   310  turnfsm.o(i.RunTurningFSM)
    RunUpdateSM                              0x000020a5   Thumb Code   466  updatesm.o(i.RunUpdateSM)
    RunZoneFiveSM                            0x00002285   Thumb Code   158  zonefivesm.o(i.RunZoneFiveSM)
    RunZoneFourSM                            0x00002379   Thumb Code   390  zonefoursm.o(i.RunZoneFourSM)
    RunZoneOneSM                             0x000025c1   Thumb Code   388  zoneonesm.o(i.RunZoneOneSM)
    RunZoneThreeSM                           0x00002825   Thumb Code   470  zonethreesm.o(i.RunZoneThreeSM)
    RunZoneTwoSM                             0x00002acd   Thumb Code   424  zonetwosm.o(i.RunZoneTwoSM)
    SetPWMDutyDrive                          0x00002d2d   Thumb Code   306  pwmdemo.o(i.SetPWMDutyDrive)
    SetPWMDutyShooter                        0x00002e6d   Thumb Code    84  pwmdemo.o(i.SetPWMDutyShooter)
    StartComServiceSM                        0x00002ecd   Thumb Code   116  comservicesm.o(i.StartComServiceSM)
    StartFlyWheel                            0x00002f71   Thumb Code     8  shooter.o(i.StartFlyWheel)
    StartSendByteSM                          0x00002f79   Thumb Code    16  sendbytesm.o(i.StartSendByteSM)
    StartSendCommandSM                       0x00002f8d   Thumb Code    16  sendcommandsm.o(i.StartSendCommandSM)
    StartStrategySM                          0x00002fa1   Thumb Code    10  strategysm.o(i.StartStrategySM)
    StartUpdateSM                            0x00002fb1   Thumb Code    10  updatesm.o(i.StartUpdateSM)
    StartZoneFiveSM                          0x00002fc1   Thumb Code    16  zonefivesm.o(i.StartZoneFiveSM)
    StartZoneFourSM                          0x00002fd5   Thumb Code    16  zonefoursm.o(i.StartZoneFourSM)
    StartZoneOneSM                           0x00002fe9   Thumb Code    26  zoneonesm.o(i.StartZoneOneSM)
    StartZoneThreeSM                         0x00003009   Thumb Code    16  zonethreesm.o(i.StartZoneThreeSM)
    StartZoneTwoSM                           0x0000301d   Thumb Code    24  zonetwosm.o(i.StartZoneTwoSM)
    StopFlyWheel                             0x00003039   Thumb Code     8  shooter.o(i.StopFlyWheel)
    StopMotor                                0x00003045   Thumb Code    38  drive.o(i.StopMotor)
    SysCtlClockSet                           0x00003071   Thumb Code   270  sysctl.o(i.SysCtlClockSet)
    SysCtlPeripheralEnable                   0x00003191   Thumb Code    36  sysctl.o(i.SysCtlPeripheralEnable)
    SysTickEnable                            0x000031b9   Thumb Code    14  systick.o(i.SysTickEnable)
    SysTickIntEnable                         0x000031c7   Thumb Code    14  systick.o(i.SysTickIntEnable)
    SysTickIntHandler                        0x000031d5   Thumb Code    16  es_port.o(i.SysTickIntHandler)
    SysTickPeriodSet                         0x000031e9   Thumb Code    10  systick.o(i.SysTickPeriodSet)
    TERMIO_GetChar                           0x000031f3   Thumb Code     4  termio.o(i.TERMIO_GetChar)
    TERMIO_Init                              0x000031f9   Thumb Code    62  termio.o(i.TERMIO_Init)
    TERMIO_PutChar                           0x00003249   Thumb Code     8  termio.o(i.TERMIO_PutChar)
    TargetCompletionStatus                   0x00003255   Thumb Code     6  strategysm.o(i.TargetCompletionStatus)
    TurnKart                                 0x00003261   Thumb Code   118  drive.o(i.TurnKart)
    UARTCharPut                              0x000032e5   Thumb Code    12  uart.o(i.UARTCharPut)
    UARTClockSourceSet                       0x000032f1   Thumb Code     6  uart.o(i.UARTClockSourceSet)
    UARTStdioConfig                          0x000032f9   Thumb Code    82  uartstdio.o(i.UARTStdioConfig)
    UARTgetc                                 0x00003355   Thumb Code    20  uartstdio.o(i.UARTgetc)
    _HW_Process_Pending_Ints                 0x0000336d   Thumb Code    26  es_port.o(i._HW_Process_Pending_Ints)
    _HW_Timer_Init                           0x0000338d   Thumb Code    22  es_port.o(i._HW_Timer_Init)
    _sys_exit                                0x000033a3   Thumb Code     2  retarget.o(i._sys_exit)
    closeGateBack                            0x000033a5   Thumb Code     8  pwmdemo.o(i.closeGateBack)
    closeGateFront                           0x000033ad   Thumb Code     8  pwmdemo.o(i.closeGateFront)
    countEdges                               0x000033b5   Thumb Code    20  drive.o(i.countEdges)
    enableSpeedControl                       0x00003499   Thumb Code    44  drive.o(i.enableSpeedControl)
    encoderLeftResponse                      0x000034c5   Thumb Code    78  encoderleft.o(i.encoderLeftResponse)
    encoderRightResponse                     0x00003521   Thumb Code    60  encoderright.o(i.encoderRightResponse)
    ferror                                   0x00003569   Thumb Code     6  retarget.o(i.ferror)
    fgetc                                    0x0000356f   Thumb Code     4  retarget.o(i.fgetc)
    followTapeInterruptMask                  0x00003575   Thumb Code    22  followtape.o(i.followTapeInterruptMask)
    fputc                                    0x00003591   Thumb Code    14  retarget.o(i.fputc)
    getDataByte                              0x000035a1   Thumb Code    10  sendbytesm.o(i.getDataByte)
    getKartAZone                             0x000035b1   Thumb Code     6  comservicesm.o(i.getKartAZone)
    getKartBZone                             0x000035bd   Thumb Code     6  comservicesm.o(i.getKartBZone)
    getLapsRemaining                         0x000035c9   Thumb Code     6  strategysm.o(i.getLapsRemaining)
    getOurKartAbsoluteOrientation            0x000035d5   Thumb Code    18  comservicesm.o(i.getOurKartAbsoluteOrientation)
    getPeriodLeft                            0x000035ed   Thumb Code     6  encoderleft.o(i.getPeriodLeft)
    getPeriodRight                           0x000035f9   Thumb Code     6  encoderright.o(i.getPeriodRight)
    getReceiveData                           0x00003605   Thumb Code     6  spi.o(i.getReceiveData)
    initBeaconSense                          0x00003611   Thumb Code   144  beaconsense.o(i.initBeaconSense)
    initEncoderLeft                          0x000036b1   Thumb Code   144  encoderleft.o(i.initEncoderLeft)
    initEncoderRight                         0x00003751   Thumb Code   144  encoderright.o(i.initEncoderRight)
    initSPI                                  0x000037f1   Thumb Code   290  spi.o(i.initSPI)
    initSpeedControl                         0x00003941   Thumb Code    90  speedcontrol.o(i.initSpeedControl)
    kbhit                                    0x00003a95   Thumb Code    16  termio.o(i.kbhit)
    main                                     0x00003aa9   Thumb Code    88  hsmtemplatemain.o(i.main)
    maskBeaconInterrupt                      0x00003bed   Thumb Code    22  beaconsense.o(i.maskBeaconInterrupt)
    maskLeftEncoder                          0x00003c09   Thumb Code    22  encoderleft.o(i.maskLeftEncoder)
    maskRightEncoder                         0x00003c25   Thumb Code    22  encoderright.o(i.maskRightEncoder)
    maskSpeedControlInterrupt                0x00003c41   Thumb Code    22  speedcontrol.o(i.maskSpeedControlInterrupt)
    maskUltrasoundInterrupt                  0x00003c5d   Thumb Code    22  ultrasoundsense.o(i.maskUltrasoundInterrupt)
    openGateBack                             0x00003c79   Thumb Code     8  pwmdemo.o(i.openGateBack)
    openGateFront                            0x00003c81   Thumb Code     8  pwmdemo.o(i.openGateFront)
    sendData                                 0x00003d21   Thumb Code    14  spi.o(i.sendData)
    setCheckTapeFound                        0x00003d35   Thumb Code     6  eventcheckers.o(i.setCheckTapeFound)
    setComeListenToPostFive                  0x00003d41   Thumb Code     6  comservicesm.o(i.setComeListenToPostFive)
    setControlDirection                      0x00003d4d   Thumb Code     6  speedcontrol.o(i.setControlDirection)
    setListenToCrossOverPoint                0x00003d59   Thumb Code     6  comservicesm.o(i.setListenToCrossOverPoint)
    setMiddleOfObstacle                      0x00003d65   Thumb Code     6  comservicesm.o(i.setMiddleOfObstacle)
    setNominalTapeFollowDuty                 0x00003d71   Thumb Code     8  followtape.o(i.setNominalTapeFollowDuty)
    setSpeedSetpoint                         0x00003e65   Thumb Code     6  speedcontrol.o(i.setSpeedSetpoint)
    setTargetOrientation                     0x00003e71   Thumb Code    50  turnfsm.o(i.setTargetOrientation)
    setZonesForAlign                         0x00003ea9   Thumb Code   208  comservicesm.o(i.setZonesForAlign)
    speedControlResponse                     0x00003f7d   Thumb Code   244  speedcontrol.o(i.speedControlResponse)
    startPosControlLeft                      0x00004091   Thumb Code    22  encoderleft.o(i.startPosControlLeft)
    transmitEndResponse                      0x000040ad   Thumb Code    36  spi.o(i.transmitEndResponse)
    ultrasoundSenseResponse                  0x000040d9   Thumb Code    38  ultrasoundsense.o(i.ultrasoundSenseResponse)
    _get_lc_ctype                            0x00004249   Thumb Code    44  lc_ctype_c.o(locale$$code)
    __aeabi_d2f                              0x00004275   Thumb Code     0  d2f.o(x$fpl$d2f)
    _d2f                                     0x00004275   Thumb Code    98  d2f.o(x$fpl$d2f)
    __aeabi_dadd                             0x000042d9   Thumb Code     0  daddsub_clz.o(x$fpl$dadd)
    _dadd                                    0x000042d9   Thumb Code   332  daddsub_clz.o(x$fpl$dadd)
    __aeabi_i2d                              0x00004429   Thumb Code     0  dflt_clz.o(x$fpl$dflt)
    _dflt                                    0x00004429   Thumb Code    46  dflt_clz.o(x$fpl$dflt)
    __aeabi_dmul                             0x00004459   Thumb Code     0  dmul.o(x$fpl$dmul)
    _dmul                                    0x00004459   Thumb Code   332  dmul.o(x$fpl$dmul)
    __fpl_dnaninf                            0x000045ad   Thumb Code   156  dnaninf.o(x$fpl$dnaninf)
    __fpl_dretinf                            0x00004649   Thumb Code    12  dretinf.o(x$fpl$dretinf)
    __aeabi_dsub                             0x00004655   Thumb Code     0  daddsub_clz.o(x$fpl$dsub)
    _dsub                                    0x00004655   Thumb Code   464  daddsub_clz.o(x$fpl$dsub)
    __aeabi_ul2f                             0x00004829   Thumb Code     0  ffltll_clz.o(x$fpl$ffltll)
    _ll_uto_f                                0x00004829   Thumb Code     6  ffltll_clz.o(x$fpl$ffltll)
    __aeabi_l2f                              0x0000482f   Thumb Code     0  ffltll_clz.o(x$fpl$ffltll)
    _ll_sto_f                                0x0000482f   Thumb Code    90  ffltll_clz.o(x$fpl$ffltll)
    _fp_init                                 0x00004889   Thumb Code    10  fpinit.o(x$fpl$fpinit)
    __fplib_config_fpu_vfp                   0x00004891   Thumb Code     0  fpinit.o(x$fpl$fpinit)
    __fplib_config_pureend_doubles           0x00004891   Thumb Code     0  fpinit.o(x$fpl$fpinit)
    __fpl_fretinf                            0x00004893   Thumb Code    10  fretinf.o(x$fpl$fretinf)
    __I$use$fp                               0x0000489c   Number         0  usenofp.o(x$fpl$usenofp)
    BitNum2SetMask                           0x000049a4   Data          32  es_lookuptables.o(.constdata)
    Nybble2MSBitNum                          0x000049c4   Data          15  es_lookuptables.o(.constdata)
    Region$$Table$$Base                      0x00004c54   Number         0  anon$$obj.o(Region$$Table)
    Region$$Table$$Limit                     0x00004c74   Number         0  anon$$obj.o(Region$$Table)
    __ctype                                  0x00004c81   Data           0  lc_ctype_c.o(locale$$data)
    Ready                                    0x20000108   Data           2  es_framework.o(.data)
    _PRIMASK_temp                            0x20000114   Data           4  es_queue.o(.data)
    __stdout                                 0x20000124   Data           4  retarget.o(.data)
    __stdin                                  0x20000128   Data           4  retarget.o(.data)
    __libspace_start                         0x200001ec   Data          96  libspace.o(.bss)
    __temporary_stack_top$libspace           0x2000024c   Data           0  libspace.o(.bss)



==============================================================================

Memory Map of the image

  Image Entry point : 0x0000026d

  Load Region LR_IROM1 (Base: 0x00000000, Size: 0x00004eb8, Max: 0x00040000, ABSOLUTE, COMPRESSED[0x00004dc0])

    Execution Region ER_IROM1 (Base: 0x00000000, Size: 0x00004d84, Max: 0x00040000, ABSOLUTE)

    Base Addr    Size         Type   Attr      Idx    E Section Name        Object

    0x00000000   0x00000288   Code   RO         1130  * RESET               startup_rvmdk.o
    0x00000288   0x00000008   Code   RO         2744  * !!!main             c_w.l(__main.o)
    0x00000290   0x00000034   Code   RO         2954    !!!scatter          c_w.l(__scatter.o)
    0x000002c4   0x0000005a   Code   RO         2952    !!dczerorl2         c_w.l(__dczerorl2.o)
    0x0000031e   0x00000002   PAD
    0x00000320   0x0000001c   Code   RO         2956    !!handler_zi        c_w.l(__scatter_zi.o)
    0x0000033c   0x00000000   Code   RO         2737    .ARM.Collect$$_printf_percent$$00000000  c_w.l(_printf_percent.o)
    0x0000033c   0x00000006   Code   RO         2735    .ARM.Collect$$_printf_percent$$00000008  c_w.l(_printf_i.o)
    0x00000342   0x00000006   Code   RO         2736    .ARM.Collect$$_printf_percent$$0000000A  c_w.l(_printf_u.o)
    0x00000348   0x00000006   Code   RO         2734    .ARM.Collect$$_printf_percent$$00000014  c_w.l(_printf_s.o)
    0x0000034e   0x00000004   Code   RO         2775    .ARM.Collect$$_printf_percent$$00000017  c_w.l(_printf_percent_end.o)
    0x00000352   0x00000002   Code   RO         2830    .ARM.Collect$$libinit$$00000000  c_w.l(libinit.o)
    0x00000354   0x00000004   Code   RO         2831    .ARM.Collect$$libinit$$00000001  c_w.l(libinit2.o)
    0x00000358   0x00000000   Code   RO         2835    .ARM.Collect$$libinit$$00000008  c_w.l(libinit2.o)
    0x00000358   0x00000000   Code   RO         2837    .ARM.Collect$$libinit$$0000000A  c_w.l(libinit2.o)
    0x00000358   0x00000000   Code   RO         2839    .ARM.Collect$$libinit$$0000000C  c_w.l(libinit2.o)
    0x00000358   0x00000006   Code   RO         2840    .ARM.Collect$$libinit$$0000000D  c_w.l(libinit2.o)
    0x0000035e   0x00000000   Code   RO         2842    .ARM.Collect$$libinit$$0000000F  c_w.l(libinit2.o)
    0x0000035e   0x0000000c   Code   RO         2843    .ARM.Collect$$libinit$$00000010  c_w.l(libinit2.o)
    0x0000036a   0x00000000   Code   RO         2844    .ARM.Collect$$libinit$$00000011  c_w.l(libinit2.o)
    0x0000036a   0x00000000   Code   RO         2846    .ARM.Collect$$libinit$$00000013  c_w.l(libinit2.o)
    0x0000036a   0x00000000   Code   RO         2848    .ARM.Collect$$libinit$$00000015  c_w.l(libinit2.o)
    0x0000036a   0x00000000   Code   RO         2850    .ARM.Collect$$libinit$$00000017  c_w.l(libinit2.o)
    0x0000036a   0x00000000   Code   RO         2852    .ARM.Collect$$libinit$$00000019  c_w.l(libinit2.o)
    0x0000036a   0x00000000   Code   RO         2854    .ARM.Collect$$libinit$$0000001B  c_w.l(libinit2.o)
    0x0000036a   0x00000000   Code   RO         2856    .ARM.Collect$$libinit$$0000001D  c_w.l(libinit2.o)
    0x0000036a   0x00000000   Code   RO         2858    .ARM.Collect$$libinit$$0000001F  c_w.l(libinit2.o)
    0x0000036a   0x00000000   Code   RO         2860    .ARM.Collect$$libinit$$00000021  c_w.l(libinit2.o)
    0x0000036a   0x00000000   Code   RO         2862    .ARM.Collect$$libinit$$00000023  c_w.l(libinit2.o)
    0x0000036a   0x00000000   Code   RO         2866    .ARM.Collect$$libinit$$0000002A  c_w.l(libinit2.o)
    0x0000036a   0x00000000   Code   RO         2868    .ARM.Collect$$libinit$$0000002C  c_w.l(libinit2.o)
    0x0000036a   0x00000000   Code   RO         2870    .ARM.Collect$$libinit$$0000002E  c_w.l(libinit2.o)
    0x0000036a   0x00000000   Code   RO         2872    .ARM.Collect$$libinit$$00000030  c_w.l(libinit2.o)
    0x0000036a   0x00000002   Code   RO         2873    .ARM.Collect$$libinit$$00000031  c_w.l(libinit2.o)
    0x0000036c   0x00000002   Code   RO         2915    .ARM.Collect$$libshutdown$$00000000  c_w.l(libshutdown.o)
    0x0000036e   0x00000000   Code   RO         2923    .ARM.Collect$$libshutdown$$00000003  c_w.l(libshutdown2.o)
    0x0000036e   0x00000000   Code   RO         2926    .ARM.Collect$$libshutdown$$00000006  c_w.l(libshutdown2.o)
    0x0000036e   0x00000000   Code   RO         2929    .ARM.Collect$$libshutdown$$00000009  c_w.l(libshutdown2.o)
    0x0000036e   0x00000000   Code   RO         2931    .ARM.Collect$$libshutdown$$0000000B  c_w.l(libshutdown2.o)
    0x0000036e   0x00000000   Code   RO         2934    .ARM.Collect$$libshutdown$$0000000E  c_w.l(libshutdown2.o)
    0x0000036e   0x00000002   Code   RO         2935    .ARM.Collect$$libshutdown$$0000000F  c_w.l(libshutdown2.o)
    0x00000370   0x00000000   Code   RO         2764    .ARM.Collect$$rtentry$$00000000  c_w.l(rtentry.o)
    0x00000370   0x00000000   Code   RO         2784    .ARM.Collect$$rtentry$$00000002  c_w.l(rtentry2.o)
    0x00000370   0x00000006   Code   RO         2796    .ARM.Collect$$rtentry$$00000004  c_w.l(rtentry4.o)
    0x00000376   0x00000000   Code   RO         2786    .ARM.Collect$$rtentry$$00000009  c_w.l(rtentry2.o)
    0x00000376   0x00000004   Code   RO         2787    .ARM.Collect$$rtentry$$0000000A  c_w.l(rtentry2.o)
    0x0000037a   0x00000000   Code   RO         2789    .ARM.Collect$$rtentry$$0000000C  c_w.l(rtentry2.o)
    0x0000037a   0x00000008   Code   RO         2790    .ARM.Collect$$rtentry$$0000000D  c_w.l(rtentry2.o)
    0x00000382   0x00000002   Code   RO         2874    .ARM.Collect$$rtexit$$00000000  c_w.l(rtexit.o)
    0x00000384   0x00000000   Code   RO         2885    .ARM.Collect$$rtexit$$00000002  c_w.l(rtexit2.o)
    0x00000384   0x00000004   Code   RO         2886    .ARM.Collect$$rtexit$$00000003  c_w.l(rtexit2.o)
    0x00000388   0x00000006   Code   RO         2887    .ARM.Collect$$rtexit$$00000004  c_w.l(rtexit2.o)
    0x0000038e   0x00000002   PAD
    0x00000390   0x00000006   Code   RO         1992    .emb_text           driverlib.lib(sysctl.o)
    0x00000396   0x00000002   PAD
    0x00000398   0x00000026   Code   RO         2686    .emb_text           driverlib.lib(cpu.o)
    0x000003be   0x00000002   PAD
    0x000003c0   0x00000018   Code   RO         1131    .text               startup_rvmdk.o
    0x000003d8   0x00000002   Code   RO         2698    .text               c_w.l(use_no_semi.o)
    0x000003da   0x00000048   Code   RO         2700    .text               c_w.l(llsdiv.o)
    0x00000422   0x0000001e   Code   RO         2702    .text               c_w.l(toupper.o)
    0x00000440   0x00000018   Code   RO         2706    .text               c_w.l(noretval__2printf.o)
    0x00000458   0x00000068   Code   RO         2708    .text               c_w.l(__printf.o)
    0x000004c0   0x00000052   Code   RO         2710    .text               c_w.l(_printf_str.o)
    0x00000512   0x00000002   PAD
    0x00000514   0x00000074   Code   RO         2712    .text               c_w.l(_printf_dec.o)
    0x00000588   0x00000004   Code   RO         2738    .text               c_w.l(getc.o)
    0x0000058c   0x0000002c   Code   RO         2740    .text               c_w.l(puts.o)
    0x000005b8   0x00000006   Code   RO         2742    .text               c_w.l(heapauxi.o)
    0x000005be   0x00000002   PAD
    0x000005c0   0x00000010   Code   RO         2765    .text               c_w.l(rt_ctype_table.o)
    0x000005d0   0x000000ee   Code   RO         2767    .text               c_w.l(lludivv7m.o)
    0x000006be   0x000000b2   Code   RO         2769    .text               c_w.l(_printf_intcommon.o)
    0x00000770   0x0000002c   Code   RO         2771    .text               c_w.l(_printf_char.o)
    0x0000079c   0x00000024   Code   RO         2773    .text               c_w.l(_printf_char_file.o)
    0x000007c0   0x00000008   Code   RO         2805    .text               c_w.l(rt_locale_intlibspace.o)
    0x000007c8   0x00000030   Code   RO         2807    .text               c_w.l(_printf_char_common.o)
    0x000007f8   0x00000008   Code   RO         2812    .text               c_w.l(libspace.o)
    0x00000800   0x0000004a   Code   RO         2815    .text               c_w.l(sys_stackheap_outer.o)
    0x0000084a   0x0000000c   Code   RO         2821    .text               c_w.l(exit.o)
    0x00000856   0x00000002   PAD
    0x00000858   0x00000080   Code   RO         2823    .text               c_w.l(strcmpv7m.o)
    0x000008d8   0x000000c8   Code   RO          571    i.ADC_MultiInit     admulti.o
    0x000009a0   0x00000038   Code   RO          572    i.ADC_MultiRead     admulti.o
    0x000009d8   0x0000000c   Code   RO          767    i.ActivateBackGate  shooter.o
    0x000009e4   0x0000000c   Code   RO          768    i.ActivateFrontGate  shooter.o
    0x000009f0   0x0000001c   Code   RO          693    i.AlignWithBeacon   drive.o
    0x00000a0c   0x00000040   Code   RO         1035    i.BeaconSenseResponse  beaconsense.o
    0x00000a4c   0x00000008   Code   RO         1263    i.CPUgetPRIMASK_cpsid  es_port.o
    0x00000a54   0x00000006   Code   RO         1269    i.CPUsetPRIMASK     es_port.o
    0x00000a5a   0x00000002   PAD
    0x00000a5c   0x00000304   Code   RO           74    i.Check4Keystroke   eventcheckers.o
    0x00000d60   0x00000044   Code   RO           75    i.CheckTapeStatus   eventcheckers.o
    0x00000da4   0x00000038   Code   RO          694    i.DriveDistance     drive.o
    0x00000ddc   0x00000014   Code   RO          695    i.DriveForward      drive.o
    0x00000df0   0x00000016   Code   RO          696    i.DriveReverse      drive.o
    0x00000e06   0x00000002   PAD
    0x00000e08   0x00000028   Code   RO         1137    i.ES_CheckUserEvents  es_checkevents.o
    0x00000e30   0x00000054   Code   RO         1308    i.ES_DeQueue        es_queue.o
    0x00000e84   0x00000048   Code   RO         1309    i.ES_EnQueueFIFO    es_queue.o
    0x00000ecc   0x00000034   Code   RO         1212    i.ES_GetMSBitSet    es_lookuptables.o
    0x00000f00   0x00000010   Code   RO         1311    i.ES_InitQueue      es_queue.o
    0x00000f10   0x0000004c   Code   RO         1163    i.ES_Initialize     es_framework.o
    0x00000f5c   0x00000038   Code   RO         1165    i.ES_PostToService  es_framework.o
    0x00000f94   0x00000060   Code   RO         1167    i.ES_Run            es_framework.o
    0x00000ff4   0x00000004   Code   RO         1351    i.ES_Timer_Init     es_timers.o
    0x00000ff8   0x0000003c   Code   RO         1352    i.ES_Timer_InitTimer  es_timers.o
    0x00001034   0x0000006c   Code   RO         1356    i.ES_Timer_Tick_Resp  es_timers.o
    0x000010a0   0x0000001a   Code   RO          697    i.FollowTape        drive.o
    0x000010ba   0x00000002   PAD
    0x000010bc   0x00000108   Code   RO          438    i.FollowTapeResponse  followtape.o
    0x000011c4   0x00000028   Code   RO         1555    i.GPIODirModeSet    driverlib.lib(gpio.o)
    0x000011ec   0x0000013a   Code   RO         1565    i.GPIOPadConfigSet  driverlib.lib(gpio.o)
    0x00001326   0x00000002   PAD
    0x00001328   0x00000048   Code   RO         1566    i.GPIOPinConfigure  driverlib.lib(gpio.o)
    0x00001370   0x0000001c   Code   RO         1591    i.GPIOPinTypeUART   driverlib.lib(gpio.o)
    0x0000138c   0x0000001c   Code   RO          163    i.InitComServiceSM  comservicesm.o
    0x000013a8   0x0000001e   Code   RO          698    i.InitDrive         drive.o
    0x000013c6   0x00000002   PAD
    0x000013c8   0x0000007c   Code   RO          439    i.InitFollowTape    followtape.o
    0x00001444   0x0000000c   Code   RO          131    i.InitMapKeys       mapkeys.o
    0x00001450   0x000000f0   Code   RO          494    i.InitPWMDrive      pwmdemo.o
    0x00001540   0x000000f0   Code   RO          495    i.InitPWMGates      pwmdemo.o
    0x00001630   0x000000b8   Code   RO          496    i.InitPWMShooter    pwmdemo.o
    0x000016e8   0x0000002c   Code   RO          769    i.InitShooter       shooter.o
    0x00001714   0x0000002c   Code   RO          595    i.InitStrategySM    strategysm.o
    0x00001740   0x0000004c   Code   RO         1090    i.InitTurningFSM    turnfsm.o
    0x0000178c   0x00000020   Code   RO          406    i.InitUpdateSM      updatesm.o
    0x000017ac   0x0000000e   Code   RO         1880    i.IntMasterEnable   driverlib.lib(interrupt.o)
    0x000017ba   0x00000002   PAD
    0x000017bc   0x0000000c   Code   RO          596    i.ObstacleCompletionStatus  strategysm.o
    0x000017c8   0x00000010   Code   RO          164    i.PostComServiceSM  comservicesm.o
    0x000017d8   0x00000010   Code   RO          597    i.PostStrategySM    strategysm.o
    0x000017e8   0x00000010   Code   RO         1091    i.PostTurningFSM    turnfsm.o
    0x000017f8   0x00000010   Code   RO          407    i.PostUpdateSM      updatesm.o
    0x00001808   0x000000ac   Code   RO          165    i.RunComServiceSM   comservicesm.o
    0x000018b4   0x00000018   Code   RO          133    i.RunMapKeys        mapkeys.o
    0x000018cc   0x000000a4   Code   RO          296    i.RunSendByteSM     sendbytesm.o
    0x00001970   0x0000029c   Code   RO          333    i.RunSendCommandSM  sendcommandsm.o
    0x00001c0c   0x000002f0   Code   RO          598    i.RunStrategySM     strategysm.o
    0x00001efc   0x000001a8   Code   RO         1093    i.RunTurningFSM     turnfsm.o
    0x000020a4   0x000001e0   Code   RO          408    i.RunUpdateSM       updatesm.o
    0x00002284   0x000000f4   Code   RO          883    i.RunZoneFiveSM     zonefivesm.o
    0x00002378   0x00000248   Code   RO          856    i.RunZoneFourSM     zonefoursm.o
    0x000025c0   0x00000264   Code   RO          667    i.RunZoneOneSM      zoneonesm.o
    0x00002824   0x000002a8   Code   RO          829    i.RunZoneThreeSM    zonethreesm.o
    0x00002acc   0x00000260   Code   RO          802    i.RunZoneTwoSM      zonetwosm.o
    0x00002d2c   0x00000140   Code   RO          497    i.SetPWMDutyDrive   pwmdemo.o
    0x00002e6c   0x00000060   Code   RO          498    i.SetPWMDutyShooter  pwmdemo.o
    0x00002ecc   0x000000a4   Code   RO          166    i.StartComServiceSM  comservicesm.o
    0x00002f70   0x00000008   Code   RO          770    i.StartFlyWheel     shooter.o
    0x00002f78   0x00000014   Code   RO          297    i.StartSendByteSM   sendbytesm.o
    0x00002f8c   0x00000014   Code   RO          334    i.StartSendCommandSM  sendcommandsm.o
    0x00002fa0   0x00000010   Code   RO          599    i.StartStrategySM   strategysm.o
    0x00002fb0   0x00000010   Code   RO          409    i.StartUpdateSM     updatesm.o
    0x00002fc0   0x00000014   Code   RO          884    i.StartZoneFiveSM   zonefivesm.o
    0x00002fd4   0x00000014   Code   RO          857    i.StartZoneFourSM   zonefoursm.o
    0x00002fe8   0x00000020   Code   RO          668    i.StartZoneOneSM    zoneonesm.o
    0x00003008   0x00000014   Code   RO          830    i.StartZoneThreeSM  zonethreesm.o
    0x0000301c   0x0000001c   Code   RO          803    i.StartZoneTwoSM    zonetwosm.o
    0x00003038   0x0000000c   Code   RO          771    i.StopFlyWheel      shooter.o
    0x00003044   0x0000002c   Code   RO          699    i.StopMotor         drive.o
    0x00003070   0x00000120   Code   RO         1997    i.SysCtlClockSet    driverlib.lib(sysctl.o)
    0x00003190   0x00000028   Code   RO         2026    i.SysCtlPeripheralEnable  driverlib.lib(sysctl.o)
    0x000031b8   0x0000000e   Code   RO         2335    i.SysTickEnable     driverlib.lib(systick.o)
    0x000031c6   0x0000000e   Code   RO         2337    i.SysTickIntEnable  driverlib.lib(systick.o)
    0x000031d4   0x00000014   Code   RO         1229    i.SysTickIntHandler  es_port.o
    0x000031e8   0x0000000a   Code   RO         2341    i.SysTickPeriodSet  driverlib.lib(systick.o)
    0x000031f2   0x00000004   Code   RO         1452    i.TERMIO_GetChar    termio.o
    0x000031f6   0x00000002   PAD
    0x000031f8   0x00000050   Code   RO         1453    i.TERMIO_Init       termio.o
    0x00003248   0x0000000c   Code   RO         1454    i.TERMIO_PutChar    termio.o
    0x00003254   0x0000000c   Code   RO          600    i.TargetCompletionStatus  strategysm.o
    0x00003260   0x00000084   Code   RO          700    i.TurnKart          drive.o
    0x000032e4   0x0000000c   Code   RO         2405    i.UARTCharPut       driverlib.lib(uart.o)
    0x000032f0   0x00000006   Code   RO         2409    i.UARTClockSourceSet  driverlib.lib(uart.o)
    0x000032f6   0x00000002   PAD
    0x000032f8   0x0000005c   Code   RO         1495    i.UARTStdioConfig   uartstdio.o
    0x00003354   0x00000018   Code   RO         1496    i.UARTgetc          uartstdio.o
    0x0000336c   0x00000020   Code   RO         1231    i._HW_Process_Pending_Ints  es_port.o
    0x0000338c   0x00000016   Code   RO         1232    i._HW_Timer_Init    es_port.o
    0x000033a2   0x00000002   Code   RO         1402    i._sys_exit         retarget.o
    0x000033a4   0x00000008   Code   RO          499    i.closeGateBack     pwmdemo.o
    0x000033ac   0x00000008   Code   RO          500    i.closeGateFront    pwmdemo.o
    0x000033b4   0x00000014   Code   RO          701    i.countEdges        drive.o
    0x000033c8   0x000000d0   Code   RO          167    i.determineZone     comservicesm.o
    0x00003498   0x0000002c   Code   RO          702    i.enableSpeedControl  drive.o
    0x000034c4   0x0000005c   Code   RO          909    i.encoderLeftResponse  encoderleft.o
    0x00003520   0x00000048   Code   RO          953    i.encoderRightResponse  encoderright.o
    0x00003568   0x00000006   Code   RO         1404    i.ferror            retarget.o
    0x0000356e   0x00000004   Code   RO         1405    i.fgetc             retarget.o
    0x00003572   0x00000002   PAD
    0x00003574   0x0000001c   Code   RO          440    i.followTapeInterruptMask  followtape.o
    0x00003590   0x0000000e   Code   RO         1406    i.fputc             retarget.o
    0x0000359e   0x00000002   PAD
    0x000035a0   0x00000010   Code   RO          298    i.getDataByte       sendbytesm.o
    0x000035b0   0x0000000c   Code   RO          168    i.getKartAZone      comservicesm.o
    0x000035bc   0x0000000c   Code   RO          169    i.getKartBZone      comservicesm.o
    0x000035c8   0x0000000c   Code   RO          601    i.getLapsRemaining  strategysm.o
    0x000035d4   0x00000018   Code   RO          170    i.getOurKartAbsoluteOrientation  comservicesm.o
    0x000035ec   0x0000000c   Code   RO          911    i.getPeriodLeft     encoderleft.o
    0x000035f8   0x0000000c   Code   RO          955    i.getPeriodRight    encoderright.o
    0x00003604   0x0000000c   Code   RO          363    i.getReceiveData    spi.o
    0x00003610   0x000000a0   Code   RO         1036    i.initBeaconSense   beaconsense.o
    0x000036b0   0x000000a0   Code   RO          912    i.initEncoderLeft   encoderleft.o
    0x00003750   0x000000a0   Code   RO          956    i.initEncoderRight  encoderright.o
    0x000037f0   0x00000150   Code   RO          364    i.initSPI           spi.o
    0x00003940   0x0000006c   Code   RO          997    i.initSpeedControl  speedcontrol.o
    0x000039ac   0x000000e8   Code   RO          174    i.initializeKartStatus  comservicesm.o
    0x00003a94   0x00000014   Code   RO         1455    i.kbhit             termio.o
    0x00003aa8   0x00000144   Code   RO            1    i.main              hsmtemplatemain.o
    0x00003bec   0x0000001c   Code   RO         1037    i.maskBeaconInterrupt  beaconsense.o
    0x00003c08   0x0000001c   Code   RO          913    i.maskLeftEncoder   encoderleft.o
    0x00003c24   0x0000001c   Code   RO          957    i.maskRightEncoder  encoderright.o
    0x00003c40   0x0000001c   Code   RO          998    i.maskSpeedControlInterrupt  speedcontrol.o
    0x00003c5c   0x0000001c   Code   RO         1062    i.maskUltrasoundInterrupt  ultrasoundsense.o
    0x00003c78   0x00000008   Code   RO          501    i.openGateBack      pwmdemo.o
    0x00003c80   0x0000000c   Code   RO          502    i.openGateFront     pwmdemo.o
    0x00003c8c   0x00000094   Code   RO          175    i.posDataUpdate     comservicesm.o
    0x00003d20   0x00000014   Code   RO          365    i.sendData          spi.o
    0x00003d34   0x0000000c   Code   RO           76    i.setCheckTapeFound  eventcheckers.o
    0x00003d40   0x0000000c   Code   RO          176    i.setComeListenToPostFive  comservicesm.o
    0x00003d4c   0x0000000c   Code   RO          999    i.setControlDirection  speedcontrol.o
    0x00003d58   0x0000000c   Code   RO          177    i.setListenToCrossOverPoint  comservicesm.o
    0x00003d64   0x0000000c   Code   RO          178    i.setMiddleOfObstacle  comservicesm.o
    0x00003d70   0x0000000c   Code   RO          443    i.setNominalTapeFollowDuty  followtape.o
    0x00003d7c   0x00000074   Code   RO          503    i.setPositionBack   pwmdemo.o
    0x00003df0   0x00000074   Code   RO          504    i.setPositionFront  pwmdemo.o
    0x00003e64   0x0000000c   Code   RO         1000    i.setSpeedSetpoint  speedcontrol.o
    0x00003e70   0x00000038   Code   RO         1094    i.setTargetOrientation  turnfsm.o
    0x00003ea8   0x000000d4   Code   RO          179    i.setZonesForAlign  comservicesm.o
    0x00003f7c   0x00000114   Code   RO         1001    i.speedControlResponse  speedcontrol.o
    0x00004090   0x0000001c   Code   RO          914    i.startPosControlLeft  encoderleft.o
    0x000040ac   0x0000002c   Code   RO          366    i.transmitEndResponse  spi.o
    0x000040d8   0x00000030   Code   RO         1063    i.ultrasoundSenseResponse  ultrasoundsense.o
    0x00004108   0x0000007c   Code   RO          602    i.updateGameStatus  strategysm.o
    0x00004184   0x000000c4   Code   RO          180    i.updateOurKartStatus  comservicesm.o
    0x00004248   0x0000002c   Code   RO         2810    locale$$code        c_w.l(lc_ctype_c.o)
    0x00004274   0x00000062   Code   RO         2746    x$fpl$d2f           fz_wm.l(d2f.o)
    0x000042d6   0x00000002   PAD
    0x000042d8   0x00000150   Code   RO         2748    x$fpl$dadd          fz_wm.l(daddsub_clz.o)
    0x00004428   0x0000002e   Code   RO         2755    x$fpl$dflt          fz_wm.l(dflt_clz.o)
    0x00004456   0x00000002   PAD
    0x00004458   0x00000154   Code   RO         2760    x$fpl$dmul          fz_wm.l(dmul.o)
    0x000045ac   0x0000009c   Code   RO         2776    x$fpl$dnaninf       fz_wm.l(dnaninf.o)
    0x00004648   0x0000000c   Code   RO         2778    x$fpl$dretinf       fz_wm.l(dretinf.o)
    0x00004654   0x000001d4   Code   RO         2750    x$fpl$dsub          fz_wm.l(daddsub_clz.o)
    0x00004828   0x00000060   Code   RO         2762    x$fpl$ffltll        fz_wm.l(ffltll_clz.o)
    0x00004888   0x0000000a   Code   RO         2882    x$fpl$fpinit        fz_wm.l(fpinit.o)
    0x00004892   0x0000000a   Code   RO         2780    x$fpl$fretinf       fz_wm.l(fretinf.o)
    0x0000489c   0x00000000   Code   RO         2782    x$fpl$usenofp       fz_wm.l(usenofp.o)
    0x0000489c   0x00000040   Data   RO           77    .constdata          eventcheckers.o
    0x000048dc   0x00000004   Data   RO          182    .constdata          comservicesm.o
    0x000048e0   0x00000004   Data   RO          300    .constdata          sendbytesm.o
    0x000048e4   0x00000004   Data   RO          335    .constdata          sendcommandsm.o
    0x000048e8   0x00000004   Data   RO          410    .constdata          updatesm.o
    0x000048ec   0x00000030   Data   RO          573    .constdata          admulti.o
    0x0000491c   0x00000004   Data   RO          603    .constdata          strategysm.o
    0x00004920   0x00000008   Data   RO          669    .constdata          zoneonesm.o
    0x00004928   0x0000000c   Data   RO          804    .constdata          zonetwosm.o
    0x00004934   0x00000008   Data   RO          831    .constdata          zonethreesm.o
    0x0000493c   0x0000000c   Data   RO          858    .constdata          zonefoursm.o
    0x00004948   0x00000004   Data   RO          885    .constdata          zonefivesm.o
    0x0000494c   0x00000008   Data   RO         1138    .constdata          es_checkevents.o
    0x00004954   0x00000050   Data   RO         1173    .constdata          es_framework.o
    0x000049a4   0x00000020   Data   RO         1213    .constdata          es_lookuptables.o
    0x000049c4   0x0000000f   Data   RO         1214    .constdata          es_lookuptables.o
    0x000049d3   0x00000001   PAD
    0x000049d4   0x00000040   Data   RO         1358    .constdata          es_timers.o
    0x00004a14   0x0000001c   Data   RO         1501    .constdata          uartstdio.o
    0x00004a30   0x00000210   Data   RO         1598    .constdata          driverlib.lib(gpio.o)
    0x00004c40   0x00000011   Data   RO         1502    .conststring        uartstdio.o
    0x00004c51   0x00000003   PAD
    0x00004c54   0x00000020   Data   RO         2950    Region$$Table       anon$$obj.o
    0x00004c74   0x00000110   Data   RO         2809    locale$$data        c_w.l(lc_ctype_c.o)


    Execution Region RW_IRAM1 (Base: 0x20000000, Size: 0x00000a50, Max: 0x00008000, ABSOLUTE, COMPRESSED[0x0000003c])

    Base Addr    Size         Type   Attr      Idx    E Section Name        Object

    0x20000000   0x00000010   Data   RW           78    .data               eventcheckers.o
    0x20000010   0x00000001   Data   RW          134    .data               mapkeys.o
    0x20000011   0x00000003   PAD
    0x20000014   0x0000002c   Data   RW          183    .data               comservicesm.o
    0x20000040   0x00000003   Data   RW          301    .data               sendbytesm.o
    0x20000043   0x00000002   Data   RW          336    .data               sendcommandsm.o
    0x20000045   0x00000001   PAD
    0x20000046   0x00000004   Data   RW          367    .data               spi.o
    0x2000004a   0x00000002   Data   RW          411    .data               updatesm.o
    0x2000004c   0x00000018   Data   RW          444    .data               followtape.o
    0x20000064   0x00000001   Data   RW          574    .data               admulti.o
    0x20000065   0x00000003   PAD
    0x20000068   0x0000000c   Data   RW          604    .data               strategysm.o
    0x20000074   0x00000001   Data   RW          670    .data               zoneonesm.o
    0x20000075   0x00000003   PAD
    0x20000078   0x00000008   Data   RW          805    .data               zonetwosm.o
    0x20000080   0x0000000c   Data   RW          832    .data               zonethreesm.o
    0x2000008c   0x00000001   Data   RW          859    .data               zonefoursm.o
    0x2000008d   0x00000001   Data   RW          886    .data               zonefivesm.o
    0x2000008e   0x00000002   PAD
    0x20000090   0x00000014   Data   RW          915    .data               encoderleft.o
    0x200000a4   0x00000014   Data   RW          959    .data               encoderright.o
    0x200000b8   0x0000000c   Data   RW         1002    .data               speedcontrol.o
    0x200000c4   0x00000010   Data   RW         1038    .data               beaconsense.o
    0x200000d4   0x00000010   Data   RW         1064    .data               ultrasoundsense.o
    0x200000e4   0x00000024   Data   RW         1095    .data               turnfsm.o
    0x20000108   0x00000006   Data   RW         1174    .data               es_framework.o
    0x2000010e   0x00000004   Data   RW         1233    .data               es_port.o
    0x20000112   0x00000002   PAD
    0x20000114   0x00000004   Data   RW         1313    .data               es_queue.o
    0x20000118   0x0000000a   Data   RW         1359    .data               es_timers.o
    0x20000122   0x00000002   PAD
    0x20000124   0x00000004   Data   RW         1407    .data               retarget.o
    0x20000128   0x00000004   Data   RW         1408    .data               retarget.o
    0x2000012c   0x00000008   Data   RW         1503    .data               uartstdio.o
    0x20000134   0x0000002a   Zero   RW          181    .bss                comservicesm.o
    0x2000015e   0x00000020   Zero   RW          299    .bss                sendbytesm.o
    0x2000017e   0x0000000c   Zero   RW         1168    .bss                es_framework.o
    0x2000018a   0x00000010   Zero   RW         1169    .bss                es_framework.o
    0x2000019a   0x00000010   Zero   RW         1170    .bss                es_framework.o
    0x200001aa   0x00000010   Zero   RW         1171    .bss                es_framework.o
    0x200001ba   0x00000010   Zero   RW         1172    .bss                es_framework.o
    0x200001ca   0x00000020   Zero   RW         1357    .bss                es_timers.o
    0x200001ea   0x00000002   PAD
    0x200001ec   0x00000060   Zero   RW         2813    .bss                c_w.l(libspace.o)
    0x2000024c   0x00000004   PAD
    0x20000250   0x00000000   Zero   RW         1129    HEAP                startup_rvmdk.o
    0x20000250   0x00000800   Zero   RW         1128    STACK               startup_rvmdk.o


==============================================================================

Image component sizes


      Code (inc. data)   RO Data    RW Data    ZI Data      Debug   Object Name

       256         40         48          1          0       2004   admulti.o
       252         32          0         16          0       2694   beaconsense.o
      1460        184          4         44         42      13341   comservicesm.o
       422         32          0          0          0       6082   drive.o
       320         48          0         20          0       3896   encoderleft.o
       272         40          0         20          0       3306   encoderright.o
        40          6          8          0          0       1269   es_checkevents.o
       228         30         80          6         76       3140   es_framework.o
        52          4         47          0          0       1378   es_lookuptables.o
        88         10          0          4          0       3778   es_port.o
       172         10          0          4          0       2585   es_queue.o
       172         34         64         10         32       2554   es_timers.o
       852        478         64         16          0       5616   eventcheckers.o
       428         54          0         24          0       3607   followtape.o
       324        236          0          0          0      10295   hsmtemplatemain.o
        36          4          0          1          0       1307   mapkeys.o
      1348        156          0          0          0       6725   pwmdemo.o
        26          0          0          8          0       3835   retarget.o
       200         24          4          3         32       2876   sendbytesm.o
       688         24          4          2          0       4528   sendcommandsm.o
        88         10          0          0          0       2944   shooter.o
       436         68          0         12          0       4135   speedcontrol.o
       412         66          0          4          0       2360   spi.o
       672        636          0          0       2048        612   startup_rvmdk.o
       988        298          4         12          0       8859   strategysm.o
       116         26          0          0          0       2076   termio.o
       572        164          0         36          0       3741   turnfsm.o
       116         14         45          8          0       2876   uartstdio.o
        76         16          0         16          0       2048   ultrasoundsense.o
       544         38          4          2          0       4290   updatesm.o
       264         90          4          1          0       2206   zonefivesm.o
       604        198         12          1          0       2918   zonefoursm.o
       644        236          8          1          0       2988   zoneonesm.o
       700        220          8         12          0       3184   zonethreesm.o
       636        194         12          8          0       3088   zonetwosm.o

    ----------------------------------------------------------------------
     14518       3720        456        308       2232     133141   Object Totals
         0          0         32          0          0          0   (incl. Generated)
        14          0          4         16          2          0   (incl. Padding)

    ----------------------------------------------------------------------

      Code (inc. data)   RO Data    RW Data    ZI Data      Debug   Library Member Name

        90          0          0          0          0          0   __dczerorl2.o
         8          0          0          0          0         68   __main.o
       104          0          0          0          0         84   __printf.o
        52          8          0          0          0          0   __scatter.o
        28          0          0          0          0          0   __scatter_zi.o
        44          0          0          0          0        108   _printf_char.o
        48          6          0          0          0         96   _printf_char_common.o
        36          4          0          0          0         80   _printf_char_file.o
       116         16          0          0          0         92   _printf_dec.o
         6          0          0          0          0          0   _printf_i.o
       178          0          0          0          0         88   _printf_intcommon.o
         0          0          0          0          0          0   _printf_percent.o
         4          0          0          0          0          0   _printf_percent_end.o
         6          0          0          0          0          0   _printf_s.o
        82          0          0          0          0         80   _printf_str.o
         6          0          0          0          0          0   _printf_u.o
        12          0          0          0          0         72   exit.o
         4          0          0          0          0         68   getc.o
         6          0          0          0          0        152   heapauxi.o
        44         10        272          0          0         76   lc_ctype_c.o
         2          0          0          0          0          0   libinit.o
        24          0          0          0          0          0   libinit2.o
         2          0          0          0          0          0   libshutdown.o
         2          0          0          0          0          0   libshutdown2.o
         8          4          0          0         96         68   libspace.o
        72          0          0          0          0         76   llsdiv.o
       238          0          0          0          0        100   lludivv7m.o
        24          4          0          0          0         84   noretval__2printf.o
        44          4          0          0          0         84   puts.o
        16          4          0          0          0         76   rt_ctype_table.o
         8          4          0          0          0         68   rt_locale_intlibspace.o
         0          0          0          0          0          0   rtentry.o
        12          0          0          0          0          0   rtentry2.o
         6          0          0          0          0          0   rtentry4.o
         2          0          0          0          0          0   rtexit.o
        10          0          0          0          0          0   rtexit2.o
       128          0          0          0          0         68   strcmpv7m.o
        74          0          0          0          0         80   sys_stackheap_outer.o
        30          0          0          0          0         76   toupper.o
         2          0          0          0          0         68   use_no_semi.o
        38          0          0          0          0        504   cpu.o
       454          8        528          0          0       5929   gpio.o
        14          0          0          0          0        450   interrupt.o
       334         22          0          0          0       1550   sysctl.o
        38          0          0          0          0       1218   systick.o
        18          0          0          0          0        867   uart.o
        98          4          0          0          0        140   d2f.o
       804         16          0          0          0        368   daddsub_clz.o
        46          0          0          0          0        116   dflt_clz.o
       340         12          0          0          0        152   dmul.o
       156          4          0          0          0        140   dnaninf.o
        12          0          0          0          0        116   dretinf.o
        96          0          0          0          0        132   ffltll_clz.o
        10          0          0          0          0        116   fpinit.o
        10          0          0          0          0        116   fretinf.o
         0          0          0          0          0          0   usenofp.o

    ----------------------------------------------------------------------
      4070        130        800          0        100      13826   Library Totals
        24          0          0          0          4          0   (incl. Padding)

    ----------------------------------------------------------------------

      Code (inc. data)   RO Data    RW Data    ZI Data      Debug   Library Name

      1578         64        272          0         96       1912   c_w.l
       896         30        528          0          0      10518   driverlib.lib
      1572         36          0          0          0       1396   fz_wm.l

    ----------------------------------------------------------------------
      4070        130        800          0        100      13826   Library Totals

    ----------------------------------------------------------------------

==============================================================================


      Code (inc. data)   RO Data    RW Data    ZI Data      Debug   

     18588       3850       1256        308       2332     131379   Grand Totals
     18588       3850       1256         60       2332     131379   ELF Image Totals (compressed)
     18588       3850       1256         60          0          0   ROM Totals

==============================================================================

    Total RO  Size (Code + RO Data)                19844 (  19.38kB)
    Total RW  Size (RW Data + ZI Data)              2640 (   2.58kB)
    Total ROM Size (Code + RO Data + RW Data)      19904 (  19.44kB)

==============================================================================

