<html>
<body>
<pre>
<h1>µVision Build Log</h1>
<h2>Project:</h2>
U:\_218bTeams\Team3\Software\218BSoftwareNight3315 - Copy\UVFrameworkHSMTemplate\UVFrameworkHSMTemplate.uvproj
Project File Date:  02/27/2015

<h2>Output:</h2>
Build target 'BaseFrameworkTarget'
compiling ZoneTwoSM.c...
compiling ZoneFourSM.c...
linking...
Program Size: Code=18588 RO-data=1256 RW-data=308 ZI-data=2332  
After Build - User command #1: fromelf --bin --output .\Outputs\BaseTarget.bin .\Outputs\BaseTarget.axf
".\Outputs\BaseTarget.axf" - 0 Error(s), 0 Warning(s).
Load "U:\\_218bTeams\\Team3\\Software\\218BSoftwareNight3315 - Copy\\UVFrameworkHSMTemplate\\Outputs\\BaseTarget.axf" 
Connecting: Mode=JTAG, Speed=1000000Hz
Erase Done.
Programming Done.
Verify OK.
</pre>
</body>
</html>
